// Jest Snapshot v1, https://goo.gl/fbAQLP

exports[`component: LoginForm rendering matches snapshot 1`] = `
<form
  onSubmit={[Function]}
>
  <div
    className="MuiGrid-container-1"
  >
    <div
      className="MuiGrid-item-2 MuiGrid-grid-xs-12-39"
    >
      <div
        className="MuiFormControl-root-93 InputField-formControl-92"
        onBlur={[Function]}
        onFocus={[Function]}
      >
        <label
          className="MuiFormLabel-root-102 MuiInputLabel-root-97 MuiInputLabel-formControl-98 MuiInputLabel-animated-101"
          data-shrink={false}
          htmlFor="username"
        >
          Username
        </label>
        <div
          className="MuiInput-root-107 MuiInput-formControl-108 MuiInput-underline-111"
        >
          <input
            aria-invalid={false}
            aria-required={false}
            className="MuiInput-input-115"
            disabled={false}
            id="username"
            onBlur={[Function]}
            onChange={[Function]}
            onFocus={[Function]}
            type="text"
            value=""
          />
        </div>
        <p
          className="MuiFormHelperText-root-120"
          id="username-help-text"
        />
      </div>
    </div>
    <div
      className="MuiGrid-item-2 MuiGrid-grid-xs-12-39"
    >
      <div
        className="MuiFormControl-root-93 InputField-formControl-92"
        onBlur={[Function]}
        onFocus={[Function]}
      >
        <label
          className="MuiFormLabel-root-102 MuiInputLabel-root-97 MuiInputLabel-formControl-98 MuiInputLabel-animated-101"
          data-shrink={false}
          htmlFor="password"
        >
          Password
        </label>
        <div
          className="MuiInput-root-107 MuiInput-formControl-108 MuiInput-underline-111"
        >
          <input
            aria-invalid={false}
            aria-required={false}
            className="MuiInput-input-115 MuiInput-inputType-118"
            disabled={false}
            id="password"
            onBlur={[Function]}
            onChange={[Function]}
            onFocus={[Function]}
            type="password"
            value=""
          />
        </div>
        <p
          className="MuiFormHelperText-root-120"
          id="password-help-text"
        />
      </div>
    </div>
    <div
      className="MuiGrid-item-2 MuiGrid-grid-xs-12-39"
    >
      <button
        className="MuiButtonBase-root-146 MuiButton-root-124 MuiButton-contained-133 MuiButton-containedPrimary-134 MuiButton-raised-136 MuiButton-raisedPrimary-137"
        disabled={false}
        onBlur={[Function]}
        onFocus={[Function]}
        onKeyDown={[Function]}
        onKeyUp={[Function]}
        onMouseDown={[Function]}
        onMouseLeave={[Function]}
        onMouseUp={[Function]}
        onTouchEnd={[Function]}
        onTouchMove={[Function]}
        onTouchStart={[Function]}
        tabIndex="0"
        type="submit"
      >
        <span
          className="MuiButton-label-125"
        >
          Login
        </span>
        <span
          className="MuiTouchRipple-root-149"
        />
      </button>
    </div>
  </div>
</form>
`;
